
> my-bilibili-frontend@0.1.0 dev
> vite


  [32m[1mVITE[22m v5.4.21[39m  [2mready in [0m[1m853[22m[2m[0m ms[22m

  [32m➜[39m  [1mLocal[22m:   [36mhttp://127.0.0.1:[1m5173[22m/[39m
[2m[32m  ➜[39m[22m[2m  press [22m[1mh + enter[22m[2m to show help[22m

> my-bilibili-frontend@0.1.0 dev
> vite


  VITE v5.4.21  ready in 280 ms

  ➜  Local:   http://127.0.0.1:5173/

> my-bilibili-frontend@0.1.0 dev
> vite


  VITE v5.4.21  ready in 148 ms

  ➜  Local:   http://127.0.0.1:5173/
  ➜  press h + enter to show help
node:events:485
      throw er; // Unhandled 'error' event
      ^

Error: read EIO
    at TTY.onStreamRead (node:internal/stream_base_commons:216:20)
Emitted 'error' event on Interface instance at:
    at ReadStream.onerror (node:internal/readline/interface:259:10)
    at ReadStream.emit (node:events:507:28)
    at emitErrorNT (node:internal/streams/destroy:170:8)
    at emitErrorCloseNT (node:internal/streams/destroy:129:3)
    at process.processTicksAndRejections (node:internal/process/task_queues:90:21) {
  errno: -5,
  code: 'EIO',
  syscall: 'read'
}

Node.js v24.4.1

> my-bilibili-frontend@0.1.0 dev
> vite


  VITE v5.4.21  ready in 113 ms

  ➜  Local:   http://127.0.0.1:5173/

> my-bilibili-frontend@0.1.0 dev
> vite


  VITE v5.4.21  ready in 150 ms

  ➜  Local:   http://127.0.0.1:5173/

> my-bilibili-frontend@0.1.0 dev
> vite


  VITE v5.4.21  ready in 142 ms

  ➜  Local:   http://127.0.0.1:5173/
