===== 2026-08-09 22:38:17 manage.py stop =====
Exception in thread Thread-1 (_readerthread):
Traceback (most recent call last):
  File "C:\Program Files\WindowsApps\PythonSoftwareFoundation.Python.3.12_3.12.2800.0_x64__qbz5n2kfra8p0\Lib\threading.py", line 1075, in _bootstrap_inner
    self.run()
  File "C:\Program Files\WindowsApps\PythonSoftwareFoundation.Python.3.12_3.12.2800.0_x64__qbz5n2kfra8p0\Lib\threading.py", line 1012, in run
    self._target(*self._args, **self._kwargs)
  File "C:\Program Files\WindowsApps\PythonSoftwareFoundation.Python.3.12_3.12.2800.0_x64__qbz5n2kfra8p0\Lib\subprocess.py", line 1599, in _readerthread
    buffer.append(fh.read())
                  ^^^^^^^^^
  File "<frozen codecs>", line 322, in decode
UnicodeDecodeError: 'utf-8' codec can't decode byte 0xd0 in position 0: invalid continuation byte
Traceback (most recent call last):
  File "D:\chen\bilibili-tag-group\scripts\manage.py", line 393, in <module>
    sys.exit(main())
             ^^^^^^
  File "D:\chen\bilibili-tag-group\scripts\manage.py", line 389, in main
    return handlers[args.command]()
           ^^^^^^^^^^^^^^^^^^^^^^^^
  File "D:\chen\bilibili-tag-group\scripts\manage.py", line 364, in cmd_stop
    if stop_services([paths.backend_pid_file, paths.frontend_pid_file]):
       ^^^^^^^^^^^^^^^^^^^^^^^^^^^^^^^^^^^^^^^^^^^^^^^^^^^^^^^^^^^^^^^^
  File "D:\chen\bilibili-tag-group\scripts\manage.py", line 144, in stop_services
    pid = read_live_pid(pid_file)
          ^^^^^^^^^^^^^^^^^^^^^^^
  File "D:\chen\bilibili-tag-group\scripts\manage.py", line 91, in read_live_pid
    if pid_is_running(pid):
       ^^^^^^^^^^^^^^^^^^^
  File "D:\chen\bilibili-tag-group\scripts\manage.py", line 72, in pid_is_running
    return f'"{pid},"' in result.stdout.replace(" ", "")
                          ^^^^^^^^^^^^^^^^^^^^^
AttributeError: 'NoneType' object has no attribute 'replace'
